panic: runtime error: invalid memory address or nil pointer dereference
[signal SIGSEGV: segmentation violation code=0x1 addr=0x50 pc=0x614b15]

goroutine 1 [running]:
github.com/equaltoai/lesser/pkg/errors.(*AppError).WithMetadata(...)
	/home/aron/ai-workspace/codebases/lesser/pkg/errors/context.go:58
github.com/equaltoai/lesser/pkg/errors.ProcessingFailed({0x2628a66, 0x9}, {0x0?, 0x0?})
	/home/aron/ai-workspace/codebases/lesser/pkg/errors/common.go:86 +0x75
github.com/equaltoai/lesser/pkg/common.init()
	/home/aron/ai-workspace/codebases/lesser/pkg/common/errors.go:54 +0x8ab
FAIL	github.com/equaltoai/lesser/cmd/activity-processor	0.019s
panic: runtime error: invalid memory address or nil pointer dereference
[signal SIGSEGV: segmentation violation code=0x1 addr=0x50 pc=0x7edcd5]

goroutine 1 [running]:
github.com/equaltoai/lesser/pkg/errors.(*AppError).WithMetadata(...)
	/home/aron/ai-workspace/codebases/lesser/pkg/errors/context.go:58
github.com/equaltoai/lesser/pkg/errors.ProcessingFailed({0x2042f99, 0x9}, {0x0?, 0x0?})
	/home/aron/ai-workspace/codebases/lesser/pkg/errors/common.go:86 +0x75
github.com/equaltoai/lesser/pkg/common.init()
	/home/aron/ai-workspace/codebases/lesser/pkg/common/errors.go:54 +0x8ab
FAIL	github.com/equaltoai/lesser/cmd/actor	0.019s
?   	github.com/equaltoai/lesser/cmd/ai-processor	[no test files]
panic: runtime error: invalid memory address or nil pointer dereference
[signal SIGSEGV: segmentation violation code=0x1 addr=0x50 pc=0x120d6d5]

goroutine 1 [running]:
github.com/equaltoai/lesser/pkg/errors.(*AppError).WithMetadata(...)
	/home/aron/ai-workspace/codebases/lesser/pkg/errors/context.go:58
github.com/equaltoai/lesser/pkg/errors.ProcessingFailed({0x2950438, 0x9}, {0x0?, 0x0?})
	/home/aron/ai-workspace/codebases/lesser/pkg/errors/common.go:86 +0x75
github.com/equaltoai/lesser/pkg/common.init()
	/home/aron/ai-workspace/codebases/lesser/pkg/common/errors.go:54 +0x8ab
FAIL	github.com/equaltoai/lesser/cmd/api	0.027s
panic: runtime error: invalid memory address or nil pointer dereference
[signal SIGSEGV: segmentation violation code=0x1 addr=0x50 pc=0xb0ee35]

goroutine 1 [running]:
github.com/equaltoai/lesser/pkg/errors.(*AppError).WithMetadata(...)
	/home/aron/ai-workspace/codebases/lesser/pkg/errors/context.go:58
github.com/equaltoai/lesser/pkg/errors.ProcessingFailed({0x184660e, 0x9}, {0x0?, 0x0?})
	/home/aron/ai-workspace/codebases/lesser/pkg/errors/common.go:86 +0x75
github.com/equaltoai/lesser/pkg/common.init()
	/home/aron/ai-workspace/codebases/lesser/pkg/common/errors.go:54 +0x8ab
FAIL	github.com/equaltoai/lesser/cmd/api/lift	0.026s
?   	github.com/equaltoai/lesser/cmd/api/models	[no test files]
?   	github.com/equaltoai/lesser/cmd/collections	[no test files]
?   	github.com/equaltoai/lesser/cmd/configure-instance	[no test files]
?   	github.com/equaltoai/lesser/cmd/cost-aggregator	[no test files]
?   	github.com/equaltoai/lesser/cmd/dlq-processor	[no test files]
?   	github.com/equaltoai/lesser/cmd/enhanced-federation-processor	[no test files]
?   	github.com/equaltoai/lesser/cmd/export-generator	[no test files]
?   	github.com/equaltoai/lesser/cmd/federation-aggregator	[no test files]
panic: runtime error: invalid memory address or nil pointer dereference
[signal SIGSEGV: segmentation violation code=0x1 addr=0x50 pc=0x110e1f5]

goroutine 1 [running]:
github.com/equaltoai/lesser/pkg/errors.(*AppError).WithMetadata(...)
	/home/aron/ai-workspace/codebases/lesser/pkg/errors/context.go:58
github.com/equaltoai/lesser/pkg/errors.ProcessingFailed({0x240184f, 0x9}, {0x0?, 0x0?})
	/home/aron/ai-workspace/codebases/lesser/pkg/errors/common.go:86 +0x75
github.com/equaltoai/lesser/pkg/common.init()
	/home/aron/ai-workspace/codebases/lesser/pkg/common/errors.go:54 +0x8ab
FAIL	github.com/equaltoai/lesser/cmd/federation-delivery	0.022s
?   	github.com/equaltoai/lesser/cmd/federation-timeseries	[no test files]
?   	github.com/equaltoai/lesser/cmd/federation-tracker	[no test files]
?   	github.com/equaltoai/lesser/cmd/graphql	[no test files]
?   	github.com/equaltoai/lesser/cmd/import-processor	[no test files]
panic: runtime error: invalid memory address or nil pointer dereference
[signal SIGSEGV: segmentation violation code=0x1 addr=0x50 pc=0x612155]

goroutine 1 [running]:
github.com/equaltoai/lesser/pkg/errors.(*AppError).WithMetadata(...)
	/home/aron/ai-workspace/codebases/lesser/pkg/errors/context.go:58
github.com/equaltoai/lesser/pkg/errors.ProcessingFailed({0x11568e0, 0x9}, {0x0?, 0x0?})
	/home/aron/ai-workspace/codebases/lesser/pkg/errors/common.go:86 +0x75
github.com/equaltoai/lesser/pkg/common.init()
	/home/aron/ai-workspace/codebases/lesser/pkg/common/errors.go:54 +0x8ab
FAIL	github.com/equaltoai/lesser/cmd/inbox	0.021s
?   	github.com/equaltoai/lesser/cmd/init-deploy	[no test files]
panic: runtime error: invalid memory address or nil pointer dereference
[signal SIGSEGV: segmentation violation code=0x1 addr=0x50 pc=0x613135]

goroutine 1 [running]:
github.com/equaltoai/lesser/pkg/errors.(*AppError).WithMetadata(...)
	/home/aron/ai-workspace/codebases/lesser/pkg/errors/context.go:58
github.com/equaltoai/lesser/pkg/errors.ProcessingFailed({0x1fbe8c0, 0x9}, {0x0?, 0x0?})
	/home/aron/ai-workspace/codebases/lesser/pkg/errors/common.go:86 +0x75
github.com/equaltoai/lesser/pkg/common.init()
	/home/aron/ai-workspace/codebases/lesser/pkg/common/errors.go:54 +0x8ab
FAIL	github.com/equaltoai/lesser/cmd/media-processor	0.031s
?   	github.com/equaltoai/lesser/cmd/metrics-aggregator	[no test files]
?   	github.com/equaltoai/lesser/cmd/metrics-processor	[no test files]
panic: runtime error: invalid memory address or nil pointer dereference
[signal SIGSEGV: segmentation violation code=0x1 addr=0x50 pc=0x610715]

goroutine 1 [running]:
github.com/equaltoai/lesser/pkg/errors.(*AppError).WithMetadata(...)
	/home/aron/ai-workspace/codebases/lesser/pkg/errors/context.go:58
github.com/equaltoai/lesser/pkg/errors.ProcessingFailed({0x21b96d7, 0x9}, {0x0?, 0x0?})
	/home/aron/ai-workspace/codebases/lesser/pkg/errors/common.go:86 +0x75
github.com/equaltoai/lesser/pkg/common.init()
	/home/aron/ai-workspace/codebases/lesser/pkg/common/errors.go:54 +0x8ab
FAIL	github.com/equaltoai/lesser/cmd/moderation-processor	0.019s
?   	github.com/equaltoai/lesser/cmd/note-processor	[no test files]
panic: runtime error: invalid memory address or nil pointer dereference
[signal SIGSEGV: segmentation violation code=0x1 addr=0x50 pc=0x6127b5]

goroutine 1 [running]:
github.com/equaltoai/lesser/pkg/errors.(*AppError).WithMetadata(...)
	/home/aron/ai-workspace/codebases/lesser/pkg/errors/context.go:58
github.com/equaltoai/lesser/pkg/errors.ProcessingFailed({0x1fb9e4c, 0x9}, {0x0?, 0x0?})
	/home/aron/ai-workspace/codebases/lesser/pkg/errors/common.go:86 +0x75
github.com/equaltoai/lesser/pkg/common.init()
	/home/aron/ai-workspace/codebases/lesser/pkg/common/errors.go:54 +0x8ab
FAIL	github.com/equaltoai/lesser/cmd/notification-processor	0.015s
panic: runtime error: invalid memory address or nil pointer dereference
[signal SIGSEGV: segmentation violation code=0x1 addr=0x50 pc=0x107f895]

goroutine 1 [running]:
github.com/equaltoai/lesser/pkg/errors.(*AppError).WithMetadata(...)
	/home/aron/ai-workspace/codebases/lesser/pkg/errors/context.go:58
github.com/equaltoai/lesser/pkg/errors.ProcessingFailed({0x1f57ae4, 0x9}, {0x0?, 0x0?})
	/home/aron/ai-workspace/codebases/lesser/pkg/errors/common.go:86 +0x75
github.com/equaltoai/lesser/pkg/common.init()
	/home/aron/ai-workspace/codebases/lesser/pkg/common/errors.go:54 +0x8ab
FAIL	github.com/equaltoai/lesser/cmd/objects	0.022s
panic: runtime error: invalid memory address or nil pointer dereference
[signal SIGSEGV: segmentation violation code=0x1 addr=0x50 pc=0x612155]

goroutine 1 [running]:
github.com/equaltoai/lesser/pkg/errors.(*AppError).WithMetadata(...)
	/home/aron/ai-workspace/codebases/lesser/pkg/errors/context.go:58
github.com/equaltoai/lesser/pkg/errors.ProcessingFailed({0x115ff79, 0x9}, {0x0?, 0x0?})
	/home/aron/ai-workspace/codebases/lesser/pkg/errors/common.go:86 +0x75
github.com/equaltoai/lesser/pkg/common.init()
	/home/aron/ai-workspace/codebases/lesser/pkg/common/errors.go:54 +0x8ab
FAIL	github.com/equaltoai/lesser/cmd/outbox	0.023s
?   	github.com/equaltoai/lesser/cmd/push-delivery	[no test files]
?   	github.com/equaltoai/lesser/cmd/report-trust-updater	[no test files]
?   	github.com/equaltoai/lesser/cmd/search-indexer	[no test files]
?   	github.com/equaltoai/lesser/cmd/status-indexer	[no test files]
?   	github.com/equaltoai/lesser/cmd/stream-router	[no test files]
?   	github.com/equaltoai/lesser/cmd/streaming	[no test files]
?   	github.com/equaltoai/lesser/cmd/trend-aggregator	[no test files]
?   	github.com/equaltoai/lesser/cmd/webfinger	[no test files]
?   	github.com/equaltoai/lesser/cmd/websocket-cost-aggregator	[no test files]
panic: runtime error: invalid memory address or nil pointer dereference
[signal SIGSEGV: segmentation violation code=0x1 addr=0x50 pc=0xb095b5]

goroutine 1 [running]:
github.com/equaltoai/lesser/pkg/errors.(*AppError).WithMetadata(...)
	/home/aron/ai-workspace/codebases/lesser/pkg/errors/context.go:58
github.com/equaltoai/lesser/pkg/errors.ProcessingFailed({0x12178eb, 0x9}, {0x0?, 0x0?})
	/home/aron/ai-workspace/codebases/lesser/pkg/errors/common.go:86 +0x75
github.com/equaltoai/lesser/pkg/common.init()
	/home/aron/ai-workspace/codebases/lesser/pkg/common/errors.go:54 +0x8ab
FAIL	github.com/equaltoai/lesser/graph	0.019s
?   	github.com/equaltoai/lesser/graph/model	[no test files]
panic: runtime error: invalid memory address or nil pointer dereference
[signal SIGSEGV: segmentation violation code=0x1 addr=0x50 pc=0x734855]

goroutine 1 [running]:
github.com/equaltoai/lesser/pkg/errors.(*AppError).WithMetadata(...)
	/home/aron/ai-workspace/codebases/lesser/pkg/errors/context.go:58
github.com/equaltoai/lesser/pkg/errors.ProcessingFailed({0x876f89, 0x9}, {0x0?, 0x0?})
	/home/aron/ai-workspace/codebases/lesser/pkg/errors/common.go:86 +0x75
github.com/equaltoai/lesser/pkg/common.init()
	/home/aron/ai-workspace/codebases/lesser/pkg/common/errors.go:54 +0x8ab
FAIL	github.com/equaltoai/lesser/pkg/activitypub	0.011s
?   	github.com/equaltoai/lesser/pkg/ai	[no test files]
?   	github.com/equaltoai/lesser/pkg/api	[no test files]
panic: runtime error: invalid memory address or nil pointer dereference
[signal SIGSEGV: segmentation violation code=0x1 addr=0x50 pc=0xc82635]

goroutine 1 [running]:
github.com/equaltoai/lesser/pkg/errors.(*AppError).WithMetadata(...)
	/home/aron/ai-workspace/codebases/lesser/pkg/errors/context.go:58
github.com/equaltoai/lesser/pkg/errors.ProcessingFailed({0x19eaaa3, 0x9}, {0x0?, 0x0?})
	/home/aron/ai-workspace/codebases/lesser/pkg/errors/common.go:86 +0x75
github.com/equaltoai/lesser/pkg/common.init()
	/home/aron/ai-workspace/codebases/lesser/pkg/common/errors.go:54 +0x8ab
FAIL	github.com/equaltoai/lesser/pkg/auth	0.023s
?   	github.com/equaltoai/lesser/pkg/auth/providers	[no test files]
?   	github.com/equaltoai/lesser/pkg/aws	[no test files]
?   	github.com/equaltoai/lesser/pkg/cache	[no test files]
panic: runtime error: invalid memory address or nil pointer dereference
[signal SIGSEGV: segmentation violation code=0x1 addr=0x50 pc=0x745335]

goroutine 1 [running]:
github.com/equaltoai/lesser/pkg/errors.(*AppError).WithMetadata(...)
	/home/aron/ai-workspace/codebases/lesser/pkg/errors/context.go:58
github.com/equaltoai/lesser/pkg/errors.ProcessingFailed({0x899a5c, 0x9}, {0x0?, 0x0?})
	/home/aron/ai-workspace/codebases/lesser/pkg/errors/common.go:86 +0x75
github.com/equaltoai/lesser/pkg/common.init()
	/home/aron/ai-workspace/codebases/lesser/pkg/common/errors.go:54 +0x8ab
FAIL	github.com/equaltoai/lesser/pkg/common	0.011s
=== RUN   TestSetupTestEnvironment
--- PASS: TestSetupTestEnvironment (0.00s)
=== RUN   TestConfig
--- PASS: TestConfig (0.00s)
PASS
ok  	github.com/equaltoai/lesser/pkg/config	(cached)
panic: runtime error: invalid memory address or nil pointer dereference
[signal SIGSEGV: segmentation violation code=0x1 addr=0x50 pc=0x885095]

goroutine 1 [running]:
github.com/equaltoai/lesser/pkg/errors.(*AppError).WithMetadata(...)
	/home/aron/ai-workspace/codebases/lesser/pkg/errors/context.go:58
github.com/equaltoai/lesser/pkg/errors.ProcessingFailed({0xa63c47, 0x9}, {0x0?, 0x0?})
	/home/aron/ai-workspace/codebases/lesser/pkg/errors/common.go:86 +0x75
github.com/equaltoai/lesser/pkg/common.init()
	/home/aron/ai-workspace/codebases/lesser/pkg/common/errors.go:54 +0x8ab
FAIL	github.com/equaltoai/lesser/pkg/cost	0.013s
?   	github.com/equaltoai/lesser/pkg/dataloader	[no test files]
panic: runtime error: invalid memory address or nil pointer dereference
[signal SIGSEGV: segmentation violation code=0x1 addr=0x50 pc=0x60ff95]

goroutine 1 [running]:
github.com/equaltoai/lesser/pkg/errors.(*AppError).WithMetadata(...)
	/home/aron/ai-workspace/codebases/lesser/pkg/errors/context.go:58
github.com/equaltoai/lesser/pkg/errors.ProcessingFailed({0x16558fa, 0x9}, {0x0?, 0x0?})
	/home/aron/ai-workspace/codebases/lesser/pkg/errors/common.go:86 +0x75
github.com/equaltoai/lesser/pkg/common.init()
	/home/aron/ai-workspace/codebases/lesser/pkg/common/errors.go:54 +0x8ab
FAIL	github.com/equaltoai/lesser/pkg/dlq	0.014s
?   	github.com/equaltoai/lesser/pkg/emoji	[no test files]
?   	github.com/equaltoai/lesser/pkg/errors	[no test files]
panic: runtime error: invalid memory address or nil pointer dereference
[signal SIGSEGV: segmentation violation code=0x1 addr=0x50 pc=0xb07275]

goroutine 1 [running]:
github.com/equaltoai/lesser/pkg/errors.(*AppError).WithMetadata(...)
	/home/aron/ai-workspace/codebases/lesser/pkg/errors/context.go:58
github.com/equaltoai/lesser/pkg/errors.ProcessingFailed({0x101b54e, 0x9}, {0x0?, 0x0?})
	/home/aron/ai-workspace/codebases/lesser/pkg/errors/common.go:86 +0x75
github.com/equaltoai/lesser/pkg/common.init()
	/home/aron/ai-workspace/codebases/lesser/pkg/common/errors.go:54 +0x8ab
FAIL	github.com/equaltoai/lesser/pkg/federation	0.012s
panic: runtime error: invalid memory address or nil pointer dereference
[signal SIGSEGV: segmentation violation code=0x1 addr=0x50 pc=0x561a75]

goroutine 1 [running]:
github.com/equaltoai/lesser/pkg/errors.(*AppError).WithMetadata(...)
	/home/aron/ai-workspace/codebases/lesser/pkg/errors/context.go:58
github.com/equaltoai/lesser/pkg/errors.ProcessingFailed({0x8483de, 0x9}, {0x0?, 0x0?})
	/home/aron/ai-workspace/codebases/lesser/pkg/errors/common.go:86 +0x75
github.com/equaltoai/lesser/pkg/common.init()
	/home/aron/ai-workspace/codebases/lesser/pkg/common/errors.go:54 +0x8ab
FAIL	github.com/equaltoai/lesser/pkg/federation/circuit	0.011s
panic: runtime error: invalid memory address or nil pointer dereference
[signal SIGSEGV: segmentation violation code=0x1 addr=0x50 pc=0x87a735]

goroutine 1 [running]:
github.com/equaltoai/lesser/pkg/errors.(*AppError).WithMetadata(...)
	/home/aron/ai-workspace/codebases/lesser/pkg/errors/context.go:58
github.com/equaltoai/lesser/pkg/errors.ProcessingFailed({0xa4ecee, 0x9}, {0x0?, 0x0?})
	/home/aron/ai-workspace/codebases/lesser/pkg/errors/common.go:86 +0x75
github.com/equaltoai/lesser/pkg/common.init()
	/home/aron/ai-workspace/codebases/lesser/pkg/common/errors.go:54 +0x8ab
FAIL	github.com/equaltoai/lesser/pkg/federation/cost	0.012s
?   	github.com/equaltoai/lesser/pkg/federation/health	[no test files]
panic: runtime error: invalid memory address or nil pointer dereference
[signal SIGSEGV: segmentation violation code=0x1 addr=0x50 pc=0xb046b5]

goroutine 1 [running]:
github.com/equaltoai/lesser/pkg/errors.(*AppError).WithMetadata(...)
	/home/aron/ai-workspace/codebases/lesser/pkg/errors/context.go:58
github.com/equaltoai/lesser/pkg/errors.ProcessingFailed({0xfc6df4, 0x9}, {0x0?, 0x0?})
	/home/aron/ai-workspace/codebases/lesser/pkg/errors/common.go:86 +0x75
github.com/equaltoai/lesser/pkg/common.init()
	/home/aron/ai-workspace/codebases/lesser/pkg/common/errors.go:54 +0x8ab
FAIL	github.com/equaltoai/lesser/pkg/federation/routing	0.017s
?   	github.com/equaltoai/lesser/pkg/federation/sync	[no test files]
?   	github.com/equaltoai/lesser/pkg/federation/types	[no test files]
panic: runtime error: invalid memory address or nil pointer dereference
[signal SIGSEGV: segmentation violation code=0x1 addr=0x50 pc=0xb3e115]

goroutine 1 [running]:
github.com/equaltoai/lesser/pkg/errors.(*AppError).WithMetadata(...)
	/home/aron/ai-workspace/codebases/lesser/pkg/errors/context.go:58
github.com/equaltoai/lesser/pkg/errors.ProcessingFailed({0x16db79d, 0x9}, {0x0?, 0x0?})
	/home/aron/ai-workspace/codebases/lesser/pkg/errors/common.go:86 +0x75
github.com/equaltoai/lesser/pkg/common.init()
	/home/aron/ai-workspace/codebases/lesser/pkg/common/errors.go:54 +0x8ab
FAIL	github.com/equaltoai/lesser/pkg/httpclient	0.014s
panic: runtime error: invalid memory address or nil pointer dereference
[signal SIGSEGV: segmentation violation code=0x1 addr=0x50 pc=0x73f395]

goroutine 1 [running]:
github.com/equaltoai/lesser/pkg/errors.(*AppError).WithMetadata(...)
	/home/aron/ai-workspace/codebases/lesser/pkg/errors/context.go:58
github.com/equaltoai/lesser/pkg/errors.ProcessingFailed({0x87128e, 0x9}, {0x0?, 0x0?})
	/home/aron/ai-workspace/codebases/lesser/pkg/errors/common.go:86 +0x75
github.com/equaltoai/lesser/pkg/common.init()
	/home/aron/ai-workspace/codebases/lesser/pkg/common/errors.go:54 +0x8ab
FAIL	github.com/equaltoai/lesser/pkg/jsonld	0.013s
?   	github.com/equaltoai/lesser/pkg/lambda	[no test files]
panic: runtime error: invalid memory address or nil pointer dereference
[signal SIGSEGV: segmentation violation code=0x1 addr=0x50 pc=0xb532f5]

goroutine 1 [running]:
github.com/equaltoai/lesser/pkg/errors.(*AppError).WithMetadata(...)
	/home/aron/ai-workspace/codebases/lesser/pkg/errors/context.go:58
github.com/equaltoai/lesser/pkg/errors.ProcessingFailed({0x12e40ef, 0x9}, {0x0?, 0x0?})
	/home/aron/ai-workspace/codebases/lesser/pkg/errors/common.go:86 +0x75
github.com/equaltoai/lesser/pkg/common.init()
	/home/aron/ai-workspace/codebases/lesser/pkg/common/errors.go:54 +0x8ab
FAIL	github.com/equaltoai/lesser/pkg/lift	0.025s
?   	github.com/equaltoai/lesser/pkg/lift/patterns	[no test files]
panic: runtime error: invalid memory address or nil pointer dereference
[signal SIGSEGV: segmentation violation code=0x1 addr=0x50 pc=0xb84675]

goroutine 1 [running]:
github.com/equaltoai/lesser/pkg/errors.(*AppError).WithMetadata(...)
	/home/aron/ai-workspace/codebases/lesser/pkg/errors/context.go:58
github.com/equaltoai/lesser/pkg/errors.ProcessingFailed({0x11d1f4e, 0x9}, {0x0?, 0x0?})
	/home/aron/ai-workspace/codebases/lesser/pkg/errors/common.go:86 +0x75
github.com/equaltoai/lesser/pkg/common.init()
	/home/aron/ai-workspace/codebases/lesser/pkg/common/errors.go:54 +0x8ab
FAIL	github.com/equaltoai/lesser/pkg/lift/testing	0.022s
?   	github.com/equaltoai/lesser/pkg/logging	[no test files]
panic: runtime error: invalid memory address or nil pointer dereference
[signal SIGSEGV: segmentation violation code=0x1 addr=0x50 pc=0xb03415]

goroutine 1 [running]:
github.com/equaltoai/lesser/pkg/errors.(*AppError).WithMetadata(...)
	/home/aron/ai-workspace/codebases/lesser/pkg/errors/context.go:58
github.com/equaltoai/lesser/pkg/errors.ProcessingFailed({0x10136e8, 0x9}, {0x0?, 0x0?})
	/home/aron/ai-workspace/codebases/lesser/pkg/errors/common.go:86 +0x75
github.com/equaltoai/lesser/pkg/common.init()
	/home/aron/ai-workspace/codebases/lesser/pkg/common/errors.go:54 +0x8ab
FAIL	github.com/equaltoai/lesser/pkg/mastodon	0.013s
panic: runtime error: invalid memory address or nil pointer dereference
[signal SIGSEGV: segmentation violation code=0x1 addr=0x50 pc=0x734795]

goroutine 1 [running]:
github.com/equaltoai/lesser/pkg/errors.(*AppError).WithMetadata(...)
	/home/aron/ai-workspace/codebases/lesser/pkg/errors/context.go:58
github.com/equaltoai/lesser/pkg/errors.ProcessingFailed({0x85706c, 0x9}, {0x0?, 0x0?})
	/home/aron/ai-workspace/codebases/lesser/pkg/errors/common.go:86 +0x75
github.com/equaltoai/lesser/pkg/common.init()
	/home/aron/ai-workspace/codebases/lesser/pkg/common/errors.go:54 +0x8ab
FAIL	github.com/equaltoai/lesser/pkg/mastodon/transformers	0.011s
panic: runtime error: invalid memory address or nil pointer dereference
[signal SIGSEGV: segmentation violation code=0x1 addr=0x50 pc=0xb212d5]

goroutine 1 [running]:
github.com/equaltoai/lesser/pkg/errors.(*AppError).WithMetadata(...)
	/home/aron/ai-workspace/codebases/lesser/pkg/errors/context.go:58
github.com/equaltoai/lesser/pkg/errors.ProcessingFailed({0x1087238, 0x9}, {0x0?, 0x0?})
	/home/aron/ai-workspace/codebases/lesser/pkg/errors/common.go:86 +0x75
github.com/equaltoai/lesser/pkg/common.init()
	/home/aron/ai-workspace/codebases/lesser/pkg/common/errors.go:54 +0x8ab
FAIL	github.com/equaltoai/lesser/pkg/media	0.013s
panic: runtime error: invalid memory address or nil pointer dereference
[signal SIGSEGV: segmentation violation code=0x1 addr=0x50 pc=0xf71e35]

goroutine 1 [running]:
github.com/equaltoai/lesser/pkg/errors.(*AppError).WithMetadata(...)
	/home/aron/ai-workspace/codebases/lesser/pkg/errors/context.go:58
github.com/equaltoai/lesser/pkg/errors.ProcessingFailed({0x1a8be38, 0x9}, {0x0?, 0x0?})
	/home/aron/ai-workspace/codebases/lesser/pkg/errors/common.go:86 +0x75
github.com/equaltoai/lesser/pkg/common.init()
	/home/aron/ai-workspace/codebases/lesser/pkg/common/errors.go:54 +0x8ab
FAIL	github.com/equaltoai/lesser/pkg/media/streaming	0.012s
panic: runtime error: invalid memory address or nil pointer dereference
[signal SIGSEGV: segmentation violation code=0x1 addr=0x50 pc=0xb0ad95]

goroutine 1 [running]:
github.com/equaltoai/lesser/pkg/errors.(*AppError).WithMetadata(...)
	/home/aron/ai-workspace/codebases/lesser/pkg/errors/context.go:58
github.com/equaltoai/lesser/pkg/errors.ProcessingFailed({0x12a3e9a, 0x9}, {0x0?, 0x0?})
	/home/aron/ai-workspace/codebases/lesser/pkg/errors/common.go:86 +0x75
github.com/equaltoai/lesser/pkg/common.init()
	/home/aron/ai-workspace/codebases/lesser/pkg/common/errors.go:54 +0x8ab
FAIL	github.com/equaltoai/lesser/pkg/middleware	0.025s
panic: runtime error: invalid memory address or nil pointer dereference
[signal SIGSEGV: segmentation violation code=0x1 addr=0x50 pc=0x730775]

goroutine 1 [running]:
github.com/equaltoai/lesser/pkg/errors.(*AppError).WithMetadata(...)
	/home/aron/ai-workspace/codebases/lesser/pkg/errors/context.go:58
github.com/equaltoai/lesser/pkg/errors.ProcessingFailed({0x845fa6, 0x9}, {0x0?, 0x0?})
	/home/aron/ai-workspace/codebases/lesser/pkg/errors/common.go:86 +0x75
github.com/equaltoai/lesser/pkg/common.init()
	/home/aron/ai-workspace/codebases/lesser/pkg/common/errors.go:54 +0x8ab
FAIL	github.com/equaltoai/lesser/pkg/moderation	0.011s
panic: runtime error: invalid memory address or nil pointer dereference
[signal SIGSEGV: segmentation violation code=0x1 addr=0x50 pc=0xb2aff5]

goroutine 1 [running]:
github.com/equaltoai/lesser/pkg/errors.(*AppError).WithMetadata(...)
	/home/aron/ai-workspace/codebases/lesser/pkg/errors/context.go:58
github.com/equaltoai/lesser/pkg/errors.ProcessingFailed({0x1064bd9, 0x9}, {0x0?, 0x0?})
	/home/aron/ai-workspace/codebases/lesser/pkg/errors/common.go:86 +0x75
github.com/equaltoai/lesser/pkg/common.init()
	/home/aron/ai-workspace/codebases/lesser/pkg/common/errors.go:54 +0x8ab
FAIL	github.com/equaltoai/lesser/pkg/moderation/advanced	0.014s
?   	github.com/equaltoai/lesser/pkg/monitoring	[no test files]
?   	github.com/equaltoai/lesser/pkg/notes	[no test files]
?   	github.com/equaltoai/lesser/pkg/notifications	[no test files]
panic: runtime error: invalid memory address or nil pointer dereference
[signal SIGSEGV: segmentation violation code=0x1 addr=0x50 pc=0xb07715]

goroutine 1 [running]:
github.com/equaltoai/lesser/pkg/errors.(*AppError).WithMetadata(...)
	/home/aron/ai-workspace/codebases/lesser/pkg/errors/context.go:58
github.com/equaltoai/lesser/pkg/errors.ProcessingFailed({0xfad857, 0x9}, {0x0?, 0x0?})
	/home/aron/ai-workspace/codebases/lesser/pkg/errors/common.go:86 +0x75
github.com/equaltoai/lesser/pkg/common.init()
	/home/aron/ai-workspace/codebases/lesser/pkg/common/errors.go:54 +0x8ab
FAIL	github.com/equaltoai/lesser/pkg/observability	0.013s
panic: runtime error: invalid memory address or nil pointer dereference
[signal SIGSEGV: segmentation violation code=0x1 addr=0x50 pc=0x72bdb5]

goroutine 1 [running]:
github.com/equaltoai/lesser/pkg/errors.(*AppError).WithMetadata(...)
	/home/aron/ai-workspace/codebases/lesser/pkg/errors/context.go:58
github.com/equaltoai/lesser/pkg/errors.ProcessingFailed({0x82d068, 0x9}, {0x0?, 0x0?})
	/home/aron/ai-workspace/codebases/lesser/pkg/errors/common.go:86 +0x75
github.com/equaltoai/lesser/pkg/common.init()
	/home/aron/ai-workspace/codebases/lesser/pkg/common/errors.go:54 +0x8ab
FAIL	github.com/equaltoai/lesser/pkg/privacy	0.012s
panic: runtime error: invalid memory address or nil pointer dereference
[signal SIGSEGV: segmentation violation code=0x1 addr=0x50 pc=0xb07535]

goroutine 1 [running]:
github.com/equaltoai/lesser/pkg/errors.(*AppError).WithMetadata(...)
	/home/aron/ai-workspace/codebases/lesser/pkg/errors/context.go:58
github.com/equaltoai/lesser/pkg/errors.ProcessingFailed({0x10e3ee5, 0x9}, {0x0?, 0x0?})
	/home/aron/ai-workspace/codebases/lesser/pkg/errors/common.go:86 +0x75
github.com/equaltoai/lesser/pkg/common.init()
	/home/aron/ai-workspace/codebases/lesser/pkg/common/errors.go:54 +0x8ab
FAIL	github.com/equaltoai/lesser/pkg/ratelimit	0.028s
?   	github.com/equaltoai/lesser/pkg/reports	[no test files]
panic: runtime error: invalid memory address or nil pointer dereference
[signal SIGSEGV: segmentation violation code=0x1 addr=0x50 pc=0xb058b5]

goroutine 1 [running]:
github.com/equaltoai/lesser/pkg/errors.(*AppError).WithMetadata(...)
	/home/aron/ai-workspace/codebases/lesser/pkg/errors/context.go:58
github.com/equaltoai/lesser/pkg/errors.ProcessingFailed({0x1004ed0, 0x9}, {0x0?, 0x0?})
	/home/aron/ai-workspace/codebases/lesser/pkg/errors/common.go:86 +0x75
github.com/equaltoai/lesser/pkg/common.init()
	/home/aron/ai-workspace/codebases/lesser/pkg/common/errors.go:54 +0x8ab
FAIL	github.com/equaltoai/lesser/pkg/reputation	0.021s
panic: runtime error: invalid memory address or nil pointer dereference
[signal SIGSEGV: segmentation violation code=0x1 addr=0x50 pc=0xb0cc75]

goroutine 1 [running]:
github.com/equaltoai/lesser/pkg/errors.(*AppError).WithMetadata(...)
	/home/aron/ai-workspace/codebases/lesser/pkg/errors/context.go:58
github.com/equaltoai/lesser/pkg/errors.ProcessingFailed({0x18a074d, 0x9}, {0x0?, 0x0?})
	/home/aron/ai-workspace/codebases/lesser/pkg/errors/common.go:86 +0x75
github.com/equaltoai/lesser/pkg/common.init()
	/home/aron/ai-workspace/codebases/lesser/pkg/common/errors.go:54 +0x8ab
FAIL	github.com/equaltoai/lesser/pkg/services	0.025s
panic: runtime error: invalid memory address or nil pointer dereference
[signal SIGSEGV: segmentation violation code=0x1 addr=0x50 pc=0xb07af5]

goroutine 1 [running]:
github.com/equaltoai/lesser/pkg/errors.(*AppError).WithMetadata(...)
	/home/aron/ai-workspace/codebases/lesser/pkg/errors/context.go:58
github.com/equaltoai/lesser/pkg/errors.ProcessingFailed({0x1762460, 0x9}, {0x0?, 0x0?})
	/home/aron/ai-workspace/codebases/lesser/pkg/errors/common.go:86 +0x75
github.com/equaltoai/lesser/pkg/common.init()
	/home/aron/ai-workspace/codebases/lesser/pkg/common/errors.go:54 +0x8ab
FAIL	github.com/equaltoai/lesser/pkg/services/accounts	0.011s
?   	github.com/equaltoai/lesser/pkg/services/ai	[no test files]
?   	github.com/equaltoai/lesser/pkg/services/bulk	[no test files]
panic: runtime error: invalid memory address or nil pointer dereference
[signal SIGSEGV: segmentation violation code=0x1 addr=0x50 pc=0x60e635]

goroutine 1 [running]:
github.com/equaltoai/lesser/pkg/errors.(*AppError).WithMetadata(...)
	/home/aron/ai-workspace/codebases/lesser/pkg/errors/context.go:58
github.com/equaltoai/lesser/pkg/errors.ProcessingFailed({0x104d7ef, 0x9}, {0x0?, 0x0?})
	/home/aron/ai-workspace/codebases/lesser/pkg/errors/common.go:86 +0x75
github.com/equaltoai/lesser/pkg/common.init()
	/home/aron/ai-workspace/codebases/lesser/pkg/common/errors.go:54 +0x8ab
FAIL	github.com/equaltoai/lesser/pkg/services/conversations	0.012s
?   	github.com/equaltoai/lesser/pkg/services/cost	[no test files]
?   	github.com/equaltoai/lesser/pkg/services/emoji	[no test files]
panic: runtime error: invalid memory address or nil pointer dereference
[signal SIGSEGV: segmentation violation code=0x1 addr=0x50 pc=0xb051d5]

goroutine 1 [running]:
github.com/equaltoai/lesser/pkg/errors.(*AppError).WithMetadata(...)
	/home/aron/ai-workspace/codebases/lesser/pkg/errors/context.go:58
github.com/equaltoai/lesser/pkg/errors.ProcessingFailed({0x11f4eb8, 0x9}, {0x0?, 0x0?})
	/home/aron/ai-workspace/codebases/lesser/pkg/errors/common.go:86 +0x75
github.com/equaltoai/lesser/pkg/common.init()
	/home/aron/ai-workspace/codebases/lesser/pkg/common/errors.go:54 +0x8ab
FAIL	github.com/equaltoai/lesser/pkg/services/importexport	0.012s
panic: runtime error: invalid memory address or nil pointer dereference
[signal SIGSEGV: segmentation violation code=0x1 addr=0x50 pc=0xb03355]

goroutine 1 [running]:
github.com/equaltoai/lesser/pkg/errors.(*AppError).WithMetadata(...)
	/home/aron/ai-workspace/codebases/lesser/pkg/errors/context.go:58
github.com/equaltoai/lesser/pkg/errors.ProcessingFailed({0x104114c, 0x9}, {0x0?, 0x0?})
	/home/aron/ai-workspace/codebases/lesser/pkg/errors/common.go:86 +0x75
github.com/equaltoai/lesser/pkg/common.init()
	/home/aron/ai-workspace/codebases/lesser/pkg/common/errors.go:54 +0x8ab
FAIL	github.com/equaltoai/lesser/pkg/services/lists	0.015s
panic: runtime error: invalid memory address or nil pointer dereference
[signal SIGSEGV: segmentation violation code=0x1 addr=0x50 pc=0x60fa35]

goroutine 1 [running]:
github.com/equaltoai/lesser/pkg/errors.(*AppError).WithMetadata(...)
	/home/aron/ai-workspace/codebases/lesser/pkg/errors/context.go:58
github.com/equaltoai/lesser/pkg/errors.ProcessingFailed({0x109a313, 0x9}, {0x0?, 0x0?})
	/home/aron/ai-workspace/codebases/lesser/pkg/errors/common.go:86 +0x75
github.com/equaltoai/lesser/pkg/common.init()
	/home/aron/ai-workspace/codebases/lesser/pkg/common/errors.go:54 +0x8ab
FAIL	github.com/equaltoai/lesser/pkg/services/media	0.012s
panic: runtime error: invalid memory address or nil pointer dereference
[signal SIGSEGV: segmentation violation code=0x1 addr=0x50 pc=0x60e735]

goroutine 1 [running]:
github.com/equaltoai/lesser/pkg/errors.(*AppError).WithMetadata(...)
	/home/aron/ai-workspace/codebases/lesser/pkg/errors/context.go:58
github.com/equaltoai/lesser/pkg/errors.ProcessingFailed({0x11da3e7, 0x9}, {0x0?, 0x0?})
	/home/aron/ai-workspace/codebases/lesser/pkg/errors/common.go:86 +0x75
github.com/equaltoai/lesser/pkg/common.init()
	/home/aron/ai-workspace/codebases/lesser/pkg/common/errors.go:54 +0x8ab
FAIL	github.com/equaltoai/lesser/pkg/services/notes	0.013s
panic: runtime error: invalid memory address or nil pointer dereference
[signal SIGSEGV: segmentation violation code=0x1 addr=0x50 pc=0x60e635]

goroutine 1 [running]:
github.com/equaltoai/lesser/pkg/errors.(*AppError).WithMetadata(...)
	/home/aron/ai-workspace/codebases/lesser/pkg/errors/context.go:58
github.com/equaltoai/lesser/pkg/errors.ProcessingFailed({0x10463b9, 0x9}, {0x0?, 0x0?})
	/home/aron/ai-workspace/codebases/lesser/pkg/errors/common.go:86 +0x75
github.com/equaltoai/lesser/pkg/common.init()
	/home/aron/ai-workspace/codebases/lesser/pkg/common/errors.go:54 +0x8ab
FAIL	github.com/equaltoai/lesser/pkg/services/notifications	0.013s
?   	github.com/equaltoai/lesser/pkg/services/quotes	[no test files]
panic: runtime error: invalid memory address or nil pointer dereference
[signal SIGSEGV: segmentation violation code=0x1 addr=0x50 pc=0x60e635]

goroutine 1 [running]:
github.com/equaltoai/lesser/pkg/errors.(*AppError).WithMetadata(...)
	/home/aron/ai-workspace/codebases/lesser/pkg/errors/context.go:58
github.com/equaltoai/lesser/pkg/errors.ProcessingFailed({0x1215d94, 0x9}, {0x0?, 0x0?})
	/home/aron/ai-workspace/codebases/lesser/pkg/errors/common.go:86 +0x75
github.com/equaltoai/lesser/pkg/common.init()
	/home/aron/ai-workspace/codebases/lesser/pkg/common/errors.go:54 +0x8ab
FAIL	github.com/equaltoai/lesser/pkg/services/relationships	0.011s
?   	github.com/equaltoai/lesser/pkg/services/scheduled	[no test files]
?   	github.com/equaltoai/lesser/pkg/services/search	[no test files]
?   	github.com/equaltoai/lesser/pkg/storage	[no test files]
?   	github.com/equaltoai/lesser/pkg/storage/core	[no test files]
?   	github.com/equaltoai/lesser/pkg/storage/cost	[no test files]
panic: runtime error: invalid memory address or nil pointer dereference
[signal SIGSEGV: segmentation violation code=0x1 addr=0x50 pc=0xc7ef75]

goroutine 1 [running]:
github.com/equaltoai/lesser/pkg/errors.(*AppError).WithMetadata(...)
	/home/aron/ai-workspace/codebases/lesser/pkg/errors/context.go:58
github.com/equaltoai/lesser/pkg/errors.ProcessingFailed({0x191762f, 0x9}, {0x0?, 0x0?})
	/home/aron/ai-workspace/codebases/lesser/pkg/errors/common.go:86 +0x75
github.com/equaltoai/lesser/pkg/common.init()
	/home/aron/ai-workspace/codebases/lesser/pkg/common/errors.go:54 +0x8ab
FAIL	github.com/equaltoai/lesser/pkg/storage/dynamorm	0.013s
panic: runtime error: invalid memory address or nil pointer dereference
[signal SIGSEGV: segmentation violation code=0x1 addr=0x50 pc=0x748615]

goroutine 1 [running]:
github.com/equaltoai/lesser/pkg/errors.(*AppError).WithMetadata(...)
	/home/aron/ai-workspace/codebases/lesser/pkg/errors/context.go:58
github.com/equaltoai/lesser/pkg/errors.ProcessingFailed({0x8a0d94, 0x9}, {0x0?, 0x0?})
	/home/aron/ai-workspace/codebases/lesser/pkg/errors/common.go:86 +0x75
github.com/equaltoai/lesser/pkg/common.init()
	/home/aron/ai-workspace/codebases/lesser/pkg/common/errors.go:54 +0x8ab
FAIL	github.com/equaltoai/lesser/pkg/storage/dynamorm/batch	0.010s
panic: runtime error: invalid memory address or nil pointer dereference
[signal SIGSEGV: segmentation violation code=0x1 addr=0x50 pc=0x884695]

goroutine 1 [running]:
github.com/equaltoai/lesser/pkg/errors.(*AppError).WithMetadata(...)
	/home/aron/ai-workspace/codebases/lesser/pkg/errors/context.go:58
github.com/equaltoai/lesser/pkg/errors.ProcessingFailed({0xa68821, 0x9}, {0x0?, 0x0?})
	/home/aron/ai-workspace/codebases/lesser/pkg/errors/common.go:86 +0x75
github.com/equaltoai/lesser/pkg/common.init()
	/home/aron/ai-workspace/codebases/lesser/pkg/common/errors.go:54 +0x8ab
FAIL	github.com/equaltoai/lesser/pkg/storage/dynamorm/hooks	0.012s
panic: runtime error: invalid memory address or nil pointer dereference
[signal SIGSEGV: segmentation violation code=0x1 addr=0x50 pc=0x74ed55]

goroutine 1 [running]:
github.com/equaltoai/lesser/pkg/errors.(*AppError).WithMetadata(...)
	/home/aron/ai-workspace/codebases/lesser/pkg/errors/context.go:58
github.com/equaltoai/lesser/pkg/errors.ProcessingFailed({0x887b95, 0x9}, {0x0?, 0x0?})
	/home/aron/ai-workspace/codebases/lesser/pkg/errors/common.go:86 +0x75
github.com/equaltoai/lesser/pkg/common.init()
	/home/aron/ai-workspace/codebases/lesser/pkg/common/errors.go:54 +0x8ab
FAIL	github.com/equaltoai/lesser/pkg/storage/dynamorm/marshalers	0.012s
panic: runtime error: invalid memory address or nil pointer dereference
[signal SIGSEGV: segmentation violation code=0x1 addr=0x50 pc=0x735555]

goroutine 1 [running]:
github.com/equaltoai/lesser/pkg/errors.(*AppError).WithMetadata(...)
	/home/aron/ai-workspace/codebases/lesser/pkg/errors/context.go:58
github.com/equaltoai/lesser/pkg/errors.ProcessingFailed({0x867455, 0x9}, {0x0?, 0x0?})
	/home/aron/ai-workspace/codebases/lesser/pkg/errors/common.go:86 +0x75
github.com/equaltoai/lesser/pkg/common.init()
	/home/aron/ai-workspace/codebases/lesser/pkg/common/errors.go:54 +0x8ab
FAIL	github.com/equaltoai/lesser/pkg/storage/dynamorm/migrations	0.010s
=== RUN   TestSoftDeleteModel_SoftDelete
--- PASS: TestSoftDeleteModel_SoftDelete (0.00s)
=== RUN   TestSoftDeleteModel_SoftDeleteBy
--- PASS: TestSoftDeleteModel_SoftDeleteBy (0.00s)
=== RUN   TestSoftDeleteModel_Restore
--- PASS: TestSoftDeleteModel_Restore (0.00s)
=== RUN   TestSoftDeleteModel_SettersGetters
--- PASS: TestSoftDeleteModel_SettersGetters (0.00s)
=== RUN   TestExampleModel_ImplementsSoftDeletable
--- PASS: TestExampleModel_ImplementsSoftDeletable (0.00s)
=== RUN   TestSoftDeleteRepository_NewSoftDeleteRepository
--- PASS: TestSoftDeleteRepository_NewSoftDeleteRepository (0.00s)
=== RUN   TestSoftDeleteRepository_WithDeleted
--- PASS: TestSoftDeleteRepository_WithDeleted (0.00s)
=== RUN   TestSoftDeleteRepository_OnlyDeleted
--- PASS: TestSoftDeleteRepository_OnlyDeleted (0.00s)
=== RUN   TestSoftDeleteRepository_HardDelete
    logger.go:146: 2025-10-15T15:19:55.214-0400	INFO	hard delete operation performed (storage not implemented in pattern)	{"type": "*patterns.ExampleModel"}
    logger.go:146: 2025-10-15T15:19:55.214-0400	INFO	item_hard_deleted	{"type": "*patterns.ExampleModel"}
    soft_delete_test.go:234: FAIL:	WithContext(string)
        		at: [/home/aron/ai-workspace/codebases/lesser/pkg/storage/dynamorm/patterns/soft_delete_test.go:228]
    soft_delete_test.go:234: FAIL:	Delete(*patterns.ExampleModel)
        		at: [/home/aron/ai-workspace/codebases/lesser/pkg/storage/dynamorm/patterns/soft_delete_test.go:229]
    soft_delete_test.go:234: FAIL: 0 out of 2 expectation(s) were met.
        	The code you are testing needs to make 2 more call(s).
        	at: [/home/aron/ai-workspace/codebases/lesser/pkg/storage/dynamorm/patterns/soft_delete_test.go:234]
--- FAIL: TestSoftDeleteRepository_HardDelete (0.00s)
=== RUN   TestSoftDeleteRepository_Get
=== RUN   TestSoftDeleteRepository_Get/get_active_item
--- FAIL: TestSoftDeleteRepository_Get (0.00s)
    --- FAIL: TestSoftDeleteRepository_Get/get_active_item (0.00s)
panic: interface conversion: *patterns.MockQuery is not core.Query: missing method AllPaginated [recovered, repanicked]

goroutine 18 [running]:
testing.tRunner.func1.2({0x68c880, 0xc0001d8db0})
	/usr/local/go/src/testing/testing.go:1872 +0x237
testing.tRunner.func1()
	/usr/local/go/src/testing/testing.go:1875 +0x35b
panic({0x68c880?, 0xc0001d8db0?})
	/usr/local/go/src/runtime/panic.go:783 +0x132
github.com/equaltoai/lesser/pkg/storage/dynamorm/patterns.(*MockDynamORMDB).Model(0xc000014be0, {0x6b66a0, 0xc0000e5ae0})
	/home/aron/ai-workspace/codebases/lesser/pkg/storage/dynamorm/patterns/soft_delete_test.go:26 +0xc5
github.com/equaltoai/lesser/pkg/storage/dynamorm/patterns.(*SoftDeleteRepository).Get(0xc0000c2da0, {0x741008?, 0x94bee0?}, {0x741f30, 0xc0000e5ae0}, {0x677140, 0x73da70}, {0x677140, 0x73da90})
	/home/aron/ai-workspace/codebases/lesser/pkg/storage/dynamorm/patterns/soft_delete.go:173 +0x7f
github.com/equaltoai/lesser/pkg/storage/dynamorm/patterns.TestSoftDeleteRepository_Get.func1(0xc0001a9c00)
	/home/aron/ai-workspace/codebases/lesser/pkg/storage/dynamorm/patterns/soft_delete_test.go:259 +0x3a5
testing.tRunner(0xc0001a9c00, 0xc0001d8ba0)
	/usr/local/go/src/testing/testing.go:1934 +0xea
created by testing.(*T).Run in goroutine 16
	/usr/local/go/src/testing/testing.go:1997 +0x465
FAIL	github.com/equaltoai/lesser/pkg/storage/dynamorm/patterns	0.005s
panic: runtime error: invalid memory address or nil pointer dereference
[signal SIGSEGV: segmentation violation code=0x1 addr=0x50 pc=0xb03a55]

goroutine 1 [running]:
github.com/equaltoai/lesser/pkg/errors.(*AppError).WithMetadata(...)
	/home/aron/ai-workspace/codebases/lesser/pkg/errors/context.go:58
github.com/equaltoai/lesser/pkg/errors.ProcessingFailed({0x1068b55, 0x9}, {0x0?, 0x0?})
	/home/aron/ai-workspace/codebases/lesser/pkg/errors/common.go:86 +0x75
github.com/equaltoai/lesser/pkg/common.init()
	/home/aron/ai-workspace/codebases/lesser/pkg/common/errors.go:54 +0x8ab
FAIL	github.com/equaltoai/lesser/pkg/storage/dynamorm/repositories	0.011s
panic: runtime error: invalid memory address or nil pointer dereference
[signal SIGSEGV: segmentation violation code=0x1 addr=0x50 pc=0x87fe95]

goroutine 1 [running]:
github.com/equaltoai/lesser/pkg/errors.(*AppError).WithMetadata(...)
	/home/aron/ai-workspace/codebases/lesser/pkg/errors/context.go:58
github.com/equaltoai/lesser/pkg/errors.ProcessingFailed({0xa68605, 0x9}, {0x0?, 0x0?})
	/home/aron/ai-workspace/codebases/lesser/pkg/errors/common.go:86 +0x75
github.com/equaltoai/lesser/pkg/common.init()
	/home/aron/ai-workspace/codebases/lesser/pkg/common/errors.go:54 +0x8ab
FAIL	github.com/equaltoai/lesser/pkg/storage/dynamorm/repositories/testing	0.012s
panic: runtime error: invalid memory address or nil pointer dereference
[signal SIGSEGV: segmentation violation code=0x1 addr=0x50 pc=0x744d35]

goroutine 1 [running]:
github.com/equaltoai/lesser/pkg/errors.(*AppError).WithMetadata(...)
	/home/aron/ai-workspace/codebases/lesser/pkg/errors/context.go:58
github.com/equaltoai/lesser/pkg/errors.ProcessingFailed({0x8995b7, 0x9}, {0x0?, 0x0?})
	/home/aron/ai-workspace/codebases/lesser/pkg/errors/common.go:86 +0x75
github.com/equaltoai/lesser/pkg/common.init()
	/home/aron/ai-workspace/codebases/lesser/pkg/common/errors.go:54 +0x8ab
FAIL	github.com/equaltoai/lesser/pkg/storage/dynamorm/stream	0.011s
panic: runtime error: invalid memory address or nil pointer dereference
[signal SIGSEGV: segmentation violation code=0x1 addr=0x50 pc=0x7331b5]

goroutine 1 [running]:
github.com/equaltoai/lesser/pkg/errors.(*AppError).WithMetadata(...)
	/home/aron/ai-workspace/codebases/lesser/pkg/errors/context.go:58
github.com/equaltoai/lesser/pkg/errors.ProcessingFailed({0x868ea1, 0x9}, {0x0?, 0x0?})
	/home/aron/ai-workspace/codebases/lesser/pkg/errors/common.go:86 +0x75
github.com/equaltoai/lesser/pkg/common.init()
	/home/aron/ai-workspace/codebases/lesser/pkg/common/errors.go:54 +0x8ab
FAIL	github.com/equaltoai/lesser/pkg/storage/dynamorm/validation	0.011s
panic: runtime error: invalid memory address or nil pointer dereference
[signal SIGSEGV: segmentation violation code=0x1 addr=0x50 pc=0xb04bd5]

goroutine 1 [running]:
github.com/equaltoai/lesser/pkg/errors.(*AppError).WithMetadata(...)
	/home/aron/ai-workspace/codebases/lesser/pkg/errors/context.go:58
github.com/equaltoai/lesser/pkg/errors.ProcessingFailed({0x11b01df, 0x9}, {0x0?, 0x0?})
	/home/aron/ai-workspace/codebases/lesser/pkg/errors/common.go:86 +0x75
github.com/equaltoai/lesser/pkg/common.init()
	/home/aron/ai-workspace/codebases/lesser/pkg/common/errors.go:54 +0x8ab
FAIL	github.com/equaltoai/lesser/pkg/storage/dynamorm_test	0.011s
?   	github.com/equaltoai/lesser/pkg/storage/factory	[no test files]
?   	github.com/equaltoai/lesser/pkg/storage/interfaces	[no test files]
panic: runtime error: invalid memory address or nil pointer dereference
[signal SIGSEGV: segmentation violation code=0x1 addr=0x50 pc=0x862335]

goroutine 1 [running]:
github.com/equaltoai/lesser/pkg/errors.(*AppError).WithMetadata(...)
	/home/aron/ai-workspace/codebases/lesser/pkg/errors/context.go:58
github.com/equaltoai/lesser/pkg/errors.ProcessingFailed({0xad0707, 0x9}, {0x0?, 0x0?})
	/home/aron/ai-workspace/codebases/lesser/pkg/errors/common.go:86 +0x75
github.com/equaltoai/lesser/pkg/common.init()
	/home/aron/ai-workspace/codebases/lesser/pkg/common/errors.go:54 +0x8ab
FAIL	github.com/equaltoai/lesser/pkg/storage/models	0.011s
panic: runtime error: invalid memory address or nil pointer dereference
[signal SIGSEGV: segmentation violation code=0x1 addr=0x50 pc=0xb05395]

goroutine 1 [running]:
github.com/equaltoai/lesser/pkg/errors.(*AppError).WithMetadata(...)
	/home/aron/ai-workspace/codebases/lesser/pkg/errors/context.go:58
github.com/equaltoai/lesser/pkg/errors.ProcessingFailed({0x12440a6, 0x9}, {0x0?, 0x0?})
	/home/aron/ai-workspace/codebases/lesser/pkg/errors/common.go:86 +0x75
github.com/equaltoai/lesser/pkg/common.init()
	/home/aron/ai-workspace/codebases/lesser/pkg/common/errors.go:54 +0x8ab
FAIL	github.com/equaltoai/lesser/pkg/storage/repositories	0.011s
?   	github.com/equaltoai/lesser/pkg/storage/types	[no test files]
panic: runtime error: invalid memory address or nil pointer dereference
[signal SIGSEGV: segmentation violation code=0x1 addr=0x50 pc=0xb05475]

goroutine 1 [running]:
github.com/equaltoai/lesser/pkg/errors.(*AppError).WithMetadata(...)
	/home/aron/ai-workspace/codebases/lesser/pkg/errors/context.go:58
github.com/equaltoai/lesser/pkg/errors.ProcessingFailed({0x1047737, 0x9}, {0x0?, 0x0?})
	/home/aron/ai-workspace/codebases/lesser/pkg/errors/common.go:86 +0x75
github.com/equaltoai/lesser/pkg/common.init()
	/home/aron/ai-workspace/codebases/lesser/pkg/common/errors.go:54 +0x8ab
FAIL	github.com/equaltoai/lesser/pkg/streaming	0.013s
panic: runtime error: invalid memory address or nil pointer dereference
[signal SIGSEGV: segmentation violation code=0x1 addr=0x50 pc=0xb07d95]

goroutine 1 [running]:
github.com/equaltoai/lesser/pkg/errors.(*AppError).WithMetadata(...)
	/home/aron/ai-workspace/codebases/lesser/pkg/errors/context.go:58
github.com/equaltoai/lesser/pkg/errors.ProcessingFailed({0x1739184, 0x9}, {0x0?, 0x0?})
	/home/aron/ai-workspace/codebases/lesser/pkg/errors/common.go:86 +0x75
github.com/equaltoai/lesser/pkg/common.init()
	/home/aron/ai-workspace/codebases/lesser/pkg/common/errors.go:54 +0x8ab
FAIL	github.com/equaltoai/lesser/pkg/streaming/handlers	0.012s
=== RUN   TestSimple
--- PASS: TestSimple (0.00s)
=== RUN   TestConstants
--- PASS: TestConstants (0.00s)
PASS
ok  	github.com/equaltoai/lesser/pkg/testing	(cached)
?   	github.com/equaltoai/lesser/pkg/testing/benchmarks	[no test files]
?   	github.com/equaltoai/lesser/pkg/testing/cost	[no test files]
?   	github.com/equaltoai/lesser/pkg/testing/dynamorm	[no test files]
?   	github.com/equaltoai/lesser/pkg/testing/factories	[no test files]
?   	github.com/equaltoai/lesser/pkg/testing/harness	[no test files]
?   	github.com/equaltoai/lesser/pkg/testing/integration	[no test files]
?   	github.com/equaltoai/lesser/pkg/testing/lift	[no test files]
?   	github.com/equaltoai/lesser/pkg/testing/mocks	[no test files]
?   	github.com/equaltoai/lesser/pkg/testing/performance	[no test files]
panic: runtime error: invalid memory address or nil pointer dereference
[signal SIGSEGV: segmentation violation code=0x1 addr=0x50 pc=0x7348d5]

goroutine 1 [running]:
github.com/equaltoai/lesser/pkg/errors.(*AppError).WithMetadata(...)
	/home/aron/ai-workspace/codebases/lesser/pkg/errors/context.go:58
github.com/equaltoai/lesser/pkg/errors.ProcessingFailed({0x8510ba, 0x9}, {0x0?, 0x0?})
	/home/aron/ai-workspace/codebases/lesser/pkg/errors/common.go:86 +0x75
github.com/equaltoai/lesser/pkg/common.init()
	/home/aron/ai-workspace/codebases/lesser/pkg/common/errors.go:54 +0x8ab
FAIL	github.com/equaltoai/lesser/pkg/transformations	0.009s
?   	github.com/equaltoai/lesser/pkg/translation	[no test files]
?   	github.com/equaltoai/lesser/pkg/trends	[no test files]
?   	github.com/equaltoai/lesser/pkg/trust	[no test files]
?   	github.com/equaltoai/lesser/pkg/validation	[no test files]
?   	github.com/equaltoai/lesser/pkg/version	[no test files]
?   	github.com/equaltoai/lesser/pkg/websocket	[no test files]
?   	github.com/equaltoai/lesser/scripts	[no test files]
?   	github.com/equaltoai/lesser/tools	[no test files]
FAIL
